G:\Sniper_TVmc\Développement\JAVA\IntelliJ WorkSpace\Spigot Plugins\JavaPluginExtended\src\main\java\fr\snipertvmc\javapluginextended\bukkit\infrastructure\models\JPEBukkitLogger.java
G:\Sniper_TVmc\Développement\JAVA\IntelliJ WorkSpace\Spigot Plugins\JavaPluginExtended\src\main\java\fr\snipertvmc\javapluginextended\universal\infrastructure\models\files\JPEYamlFile.java
G:\Sniper_TVmc\Développement\JAVA\IntelliJ WorkSpace\Spigot Plugins\JavaPluginExtended\src\main\java\fr\snipertvmc\javapluginextended\universal\infrastructure\models\JavaPluginExtended.java
G:\Sniper_TVmc\Développement\JAVA\IntelliJ WorkSpace\Spigot Plugins\JavaPluginExtended\src\main\java\fr\snipertvmc\javapluginextended\universal\infrastructure\models\JPEBase.java
G:\Sniper_TVmc\Développement\JAVA\IntelliJ WorkSpace\Spigot Plugins\JavaPluginExtended\src\main\java\fr\snipertvmc\javapluginextended\universal\infrastructure\models\JPELogger.java
G:\Sniper_TVmc\Développement\JAVA\IntelliJ WorkSpace\Spigot Plugins\JavaPluginExtended\src\main\java\fr\snipertvmc\javapluginextended\universal\managers\FileManager.java
